2022-04-27 21:46:46,741:INFO:Flipkart.py:Url hitted
2022-04-27 21:46:46,741:INFO:Flipkart.py:login popup handled
2022-04-27 21:46:46,741:INFO:Flipkart.py:Search begins for https://www.flipkart.com/
